EN box NULL //cs1/2017/jthomas17/CS373-1/VGA_FOR_PROJECT/box.vhd sub00/vhpl02 1481133217
AR vgatest behavioral "//cs1/CS_Projects/2016_Fall_CS373/Sam and Jarek/VGA_FOR_PROJECT/VGA.vhd" sub00/vhpl01 1481594308
EN vgatest NULL "//cs1/CS_Projects/2016_Fall_CS373/Sam and Jarek/VGA_FOR_PROJECT/VGA.vhd" sub00/vhpl00 1481594307
